// Jest Snapshot v1, https://goo.gl/fbAQLP

exports[`Should fetch then render a list of office quotes 1`] = `
<div>
  <li
    class="quote-item"
  >
    <img
      alt="Gabe"
      src="Assets/Gabe.jpg"
    />
    <div
      class="quote-text"
    >
      Gabe
       
      Lewis
      : 
      Shut up about the sun. SHUT UP ABOUT THE SUN!
    </div>
  </li>
</div>
`;
