// Jest Snapshot v1, https://goo.gl/fbAQLP

exports[`Should fetch then render a list of office quotes 1`] = `
<div>
  <div
    class="main-body"
  >
    <h1
      class="header-box"
    >
      The Office
    </h1>
    <div>
      <form
        aria-label="searchForm"
      >
        <h3>
          Search for a word or character!
        </h3>
        <label
          for="word-search"
        >
          Query:
        </label>
        <input
          id="word-search"
          name="word"
          type="text"
          value=""
        />
        <button
          type="submit"
        >
          Search!
        </button>
      </form>
      <div>
        <select>
          <option
            value="all"
          >
            All
          </option>
          <option
            value="Michael"
          >
            Michael
          </option>
          <option
            value="Pam"
          >
            Pam
          </option>
          <option
            value="Jim"
          >
            Jim
          </option>
          <option
            value="Andy"
          >
            Andy
          </option>
          <option
            value="Angela"
          >
            Angela
          </option>
          <option
            value="Charles"
          >
            Charles
          </option>
          <option
            value="Creed"
          >
            Creed
          </option>
          <option
            value="Darryl"
          >
            Darryl
          </option>
          <option
            value="David"
          >
            David
          </option>
          <option
            value="Deangelo"
          >
            Deangelo
          </option>
          <option
            value="Dwight"
          >
            Dwight
          </option>
          <option
            value="Ed"
          >
            Ed
          </option>
          <option
            value="Erin"
          >
            Erin
          </option>
          <option
            value="Gabe"
          >
            Gabe
          </option>
          <option
            value="Holly"
          >
            Holly
          </option>
          <option
            value="Jan"
          >
            Jan
          </option>
          <option
            value="Jo"
          >
            Jo
          </option>
          <option
            value="Josh"
          >
            Josh
          </option>
          <option
            value="Kelly"
          >
            Kelly
          </option>
          <option
            value="Kevin"
          >
            Kevin
          </option>
          <option
            value="Oscar"
          >
            Oscar
          </option>
          <option
            value="Phyllis"
          >
            Phyllis
          </option>
          <option
            value="Ryan"
          >
            Ryan
          </option>
          <option
            value="Stanley"
          >
            Stanley
          </option>
          <option
            value="Toby"
          >
            Toby
          </option>
          <option
            value="Todd"
          >
            Todd
          </option>
        </select>
      </div>
      <form>
        <select>
          <option
            value="1"
          >
            1
          </option>
          <option
            value="5"
          >
            5
          </option>
          <option
            value="10"
          >
            10
          </option>
          <option
            value="25"
          >
            25
          </option>
        </select>
        <button
          type="submit"
        >
          Get Random Quotes
        </button>
      </form>
    </div>
    <h1
      class="load-spin"
    >
      Loading...
    </h1>
  </div>
</div>
`;
